INFO    : Building target web
INFO    : XSL conversion of /home/miranda/latex-labs/source/main.ptx by /home/miranda/.ptx/2.17.1/core/xsl/utilities/pretext-enhanced-source.xsl
INFO    : successful application of /home/miranda/.ptx/2.17.1/core/xsl/utilities/pretext-enhanced-source.xsl
INFO    : Generating any needed assets.
INFO    : XSL conversion of /home/miranda/latex-labs/source/main.ptx by /home/miranda/.ptx/2.17.1/core/xsl/utilities/pretext-enhanced-source.xsl
INFO    : successful application of /home/miranda/.ptx/2.17.1/core/xsl/utilities/pretext-enhanced-source.xsl
INFO    : XSL conversion of /home/miranda/latex-labs/source/main.ptx by /home/miranda/.ptx/2.17.1/core/xsl/utilities/pretext-enhanced-source.xsl
INFO    : successful application of /home/miranda/.ptx/2.17.1/core/xsl/utilities/pretext-enhanced-source.xsl
INFO    : XSL conversion of /home/miranda/latex-labs/source/main.ptx by /home/miranda/.ptx/2.17.1/core/xsl/utilities/pretext-enhanced-source.xsl
INFO    : successful application of /home/miranda/.ptx/2.17.1/core/xsl/utilities/pretext-enhanced-source.xsl
INFO    : XSL conversion of /home/miranda/latex-labs/source/main.ptx by /home/miranda/.ptx/2.17.1/core/xsl/utilities/pretext-enhanced-source.xsl
INFO    : successful application of /home/miranda/.ptx/2.17.1/core/xsl/utilities/pretext-enhanced-source.xsl
INFO    : XSL conversion of /home/miranda/latex-labs/source/main.ptx by /home/miranda/.ptx/2.17.1/core/xsl/utilities/pretext-enhanced-source.xsl
INFO    : successful application of /home/miranda/.ptx/2.17.1/core/xsl/utilities/pretext-enhanced-source.xsl
INFO    : XSL conversion of /home/miranda/latex-labs/source/main.ptx by /home/miranda/.ptx/2.17.1/core/xsl/utilities/pretext-enhanced-source.xsl
INFO    : successful application of /home/miranda/.ptx/2.17.1/core/xsl/utilities/pretext-enhanced-source.xsl
INFO    : XSL conversion of /home/miranda/latex-labs/source/main.ptx by /home/miranda/.ptx/2.17.1/core/xsl/utilities/pretext-enhanced-source.xsl
INFO    : successful application of /home/miranda/.ptx/2.17.1/core/xsl/utilities/pretext-enhanced-source.xsl
INFO    : XSL conversion of /home/miranda/latex-labs/source/main.ptx by /home/miranda/.ptx/2.17.1/core/xsl/utilities/pretext-enhanced-source.xsl
INFO    : successful application of /home/miranda/.ptx/2.17.1/core/xsl/utilities/pretext-enhanced-source.xsl
INFO    : XSL conversion of /home/miranda/latex-labs/source/main.ptx by /home/miranda/.ptx/2.17.1/core/xsl/utilities/pretext-enhanced-source.xsl
INFO    : successful application of /home/miranda/.ptx/2.17.1/core/xsl/utilities/pretext-enhanced-source.xsl
INFO    : XSL conversion of /home/miranda/latex-labs/source/main.ptx by /home/miranda/.ptx/2.17.1/core/xsl/utilities/pretext-enhanced-source.xsl
INFO    : successful application of /home/miranda/.ptx/2.17.1/core/xsl/utilities/pretext-enhanced-source.xsl
INFO    : XSL conversion of /home/miranda/latex-labs/source/main.ptx by /home/miranda/.ptx/2.17.1/core/xsl/utilities/pretext-enhanced-source.xsl
INFO    : successful application of /home/miranda/.ptx/2.17.1/core/xsl/utilities/pretext-enhanced-source.xsl
INFO    : XSL conversion of /home/miranda/latex-labs/source/main.ptx by /home/miranda/.ptx/2.17.1/core/xsl/utilities/pretext-enhanced-source.xsl
INFO    : successful application of /home/miranda/.ptx/2.17.1/core/xsl/utilities/pretext-enhanced-source.xsl
INFO    : XSL conversion of /home/miranda/latex-labs/source/main.ptx by /home/miranda/.ptx/2.17.1/core/xsl/utilities/pretext-enhanced-source.xsl
INFO    : successful application of /home/miranda/.ptx/2.17.1/core/xsl/utilities/pretext-enhanced-source.xsl
INFO    : XSL conversion of /home/miranda/latex-labs/source/main.ptx by /home/miranda/.ptx/2.17.1/core/xsl/utilities/pretext-enhanced-source.xsl
INFO    : successful application of /home/miranda/.ptx/2.17.1/core/xsl/utilities/pretext-enhanced-source.xsl
INFO    : Finished generating assets.

INFO    : Preparing to build into /home/miranda/latex-labs/output/web.
INFO    : discovering source file's directory name: /home/miranda/latex-labs/source
INFO    : verifying and expanding input directory: /home/miranda/latex-labs/source/../generated-assets
INFO    : input directory expanded to absolute path: /home/miranda/latex-labs/generated-assets
INFO    : verifying and expanding input directory: /home/miranda/latex-labs/source/../assets
INFO    : input directory expanded to absolute path: /home/miranda/latex-labs/assets
INFO    : XSL conversion of /home/miranda/latex-labs/source/main.ptx by /home/miranda/.ptx/2.17.1/core/xsl/utilities/report-publisher-variables.xsl
INFO    : successful application of /home/miranda/.ptx/2.17.1/core/xsl/utilities/report-publisher-variables.xsl
INFO    : Downloading rs services file from https://runestone.academy/cdn/runestone/latest/webpack_static_imports.xml.
INFO    : Runestone Services via online CDN query: version 7.11.5
INFO    : Downloading Runestone Services, version 7.11.5
INFO    : Extracting Runestone Services from archive file
INFO    : Building custom css theme: theme-default-modern
INFO    : converting /home/miranda/latex-labs/source/main.ptx to HTML in /tmp/ptx-ggch0mfd
INFO    : XSL conversion of /home/miranda/latex-labs/source/main.ptx by /home/miranda/.ptx/2.17.1/core/xsl/pretext-html.xsl
INFO    : messages from the log for XSL processing:
INFO    : * PTX:INFO:   checking ONLY the last TWO YEARS of element deprecations.
Rerun with the string parameter "author.deprecations.all" set to "yes" to check your source against all deprecations.
INFO    : successful application of /home/miranda/.ptx/2.17.1/core/xsl/pretext-html.xsl
INFO    : Removing temporary directory /tmp/ptx-ggch0mfd
INFO    : Removing temporary directory /tmp/ptx-tnukthow
INFO    : 
Success! Run `pretext view web` to see the results.

INFO    : 
