INFO    : Since no target was supplied, we will use "web".

INFO    : Generating any needed assets.
INFO    : XSL conversion of /home/miranda/latex-labs/source/main.ptx by /home/miranda/.ptx/2.17.1/core/xsl/utilities/pretext-enhanced-source.xsl
INFO    : successful application of /home/miranda/.ptx/2.17.1/core/xsl/utilities/pretext-enhanced-source.xsl
INFO    : XSL conversion of /home/miranda/latex-labs/source/main.ptx by /home/miranda/.ptx/2.17.1/core/xsl/utilities/pretext-enhanced-source.xsl
INFO    : successful application of /home/miranda/.ptx/2.17.1/core/xsl/utilities/pretext-enhanced-source.xsl
INFO    : XSL conversion of /home/miranda/latex-labs/source/main.ptx by /home/miranda/.ptx/2.17.1/core/xsl/utilities/pretext-enhanced-source.xsl
INFO    : successful application of /home/miranda/.ptx/2.17.1/core/xsl/utilities/pretext-enhanced-source.xsl
INFO    : XSL conversion of /home/miranda/latex-labs/source/main.ptx by /home/miranda/.ptx/2.17.1/core/xsl/utilities/pretext-enhanced-source.xsl
INFO    : successful application of /home/miranda/.ptx/2.17.1/core/xsl/utilities/pretext-enhanced-source.xsl
INFO    : XSL conversion of /home/miranda/latex-labs/source/main.ptx by /home/miranda/.ptx/2.17.1/core/xsl/utilities/pretext-enhanced-source.xsl
INFO    : successful application of /home/miranda/.ptx/2.17.1/core/xsl/utilities/pretext-enhanced-source.xsl
INFO    : XSL conversion of /home/miranda/latex-labs/source/main.ptx by /home/miranda/.ptx/2.17.1/core/xsl/utilities/pretext-enhanced-source.xsl
INFO    : successful application of /home/miranda/.ptx/2.17.1/core/xsl/utilities/pretext-enhanced-source.xsl
INFO    : XSL conversion of /home/miranda/latex-labs/source/main.ptx by /home/miranda/.ptx/2.17.1/core/xsl/utilities/pretext-enhanced-source.xsl
INFO    : successful application of /home/miranda/.ptx/2.17.1/core/xsl/utilities/pretext-enhanced-source.xsl
INFO    : XSL conversion of /home/miranda/latex-labs/source/main.ptx by /home/miranda/.ptx/2.17.1/core/xsl/utilities/pretext-enhanced-source.xsl
INFO    : successful application of /home/miranda/.ptx/2.17.1/core/xsl/utilities/pretext-enhanced-source.xsl
INFO    : XSL conversion of /home/miranda/latex-labs/source/main.ptx by /home/miranda/.ptx/2.17.1/core/xsl/utilities/pretext-enhanced-source.xsl
INFO    : successful application of /home/miranda/.ptx/2.17.1/core/xsl/utilities/pretext-enhanced-source.xsl
INFO    : XSL conversion of /home/miranda/latex-labs/source/main.ptx by /home/miranda/.ptx/2.17.1/core/xsl/utilities/pretext-enhanced-source.xsl
INFO    : successful application of /home/miranda/.ptx/2.17.1/core/xsl/utilities/pretext-enhanced-source.xsl
INFO    : XSL conversion of /home/miranda/latex-labs/source/main.ptx by /home/miranda/.ptx/2.17.1/core/xsl/utilities/pretext-enhanced-source.xsl
INFO    : successful application of /home/miranda/.ptx/2.17.1/core/xsl/utilities/pretext-enhanced-source.xsl
INFO    : XSL conversion of /home/miranda/latex-labs/source/main.ptx by /home/miranda/.ptx/2.17.1/core/xsl/utilities/pretext-enhanced-source.xsl
INFO    : successful application of /home/miranda/.ptx/2.17.1/core/xsl/utilities/pretext-enhanced-source.xsl
INFO    : XSL conversion of /home/miranda/latex-labs/source/main.ptx by /home/miranda/.ptx/2.17.1/core/xsl/utilities/pretext-enhanced-source.xsl
INFO    : successful application of /home/miranda/.ptx/2.17.1/core/xsl/utilities/pretext-enhanced-source.xsl
INFO    : XSL conversion of /home/miranda/latex-labs/source/main.ptx by /home/miranda/.ptx/2.17.1/core/xsl/utilities/pretext-enhanced-source.xsl
INFO    : successful application of /home/miranda/.ptx/2.17.1/core/xsl/utilities/pretext-enhanced-source.xsl
INFO    : Finished generating assets.

INFO    : Finished generating assets.

INFO    : 
