INFO    : Building target web
INFO    : XSL conversion of /home/miranda/latex-labs/source/main.ptx by /home/miranda/.ptx/2.17.1/core/xsl/utilities/pretext-enhanced-source.xsl
INFO    : successful application of /home/miranda/.ptx/2.17.1/core/xsl/utilities/pretext-enhanced-source.xsl
INFO    : Generating any needed assets.
INFO    : XSL conversion of /home/miranda/latex-labs/source/main.ptx by /home/miranda/.ptx/2.17.1/core/xsl/utilities/pretext-enhanced-source.xsl
INFO    : successful application of /home/miranda/.ptx/2.17.1/core/xsl/utilities/pretext-enhanced-source.xsl
INFO    : XSL conversion of /home/miranda/latex-labs/source/main.ptx by /home/miranda/.ptx/2.17.1/core/xsl/utilities/pretext-enhanced-source.xsl
INFO    : successful application of /home/miranda/.ptx/2.17.1/core/xsl/utilities/pretext-enhanced-source.xsl
INFO    : XSL conversion of /home/miranda/latex-labs/source/main.ptx by /home/miranda/.ptx/2.17.1/core/xsl/utilities/pretext-enhanced-source.xsl
INFO    : successful application of /home/miranda/.ptx/2.17.1/core/xsl/utilities/pretext-enhanced-source.xsl
INFO    : XSL conversion of /home/miranda/latex-labs/source/main.ptx by /home/miranda/.ptx/2.17.1/core/xsl/utilities/pretext-enhanced-source.xsl
INFO    : successful application of /home/miranda/.ptx/2.17.1/core/xsl/utilities/pretext-enhanced-source.xsl
INFO    : XSL conversion of /home/miranda/latex-labs/source/main.ptx by /home/miranda/.ptx/2.17.1/core/xsl/utilities/pretext-enhanced-source.xsl
INFO    : successful application of /home/miranda/.ptx/2.17.1/core/xsl/utilities/pretext-enhanced-source.xsl
INFO    : XSL conversion of /home/miranda/latex-labs/source/main.ptx by /home/miranda/.ptx/2.17.1/core/xsl/utilities/pretext-enhanced-source.xsl
INFO    : successful application of /home/miranda/.ptx/2.17.1/core/xsl/utilities/pretext-enhanced-source.xsl
INFO    : XSL conversion of /home/miranda/latex-labs/source/main.ptx by /home/miranda/.ptx/2.17.1/core/xsl/utilities/pretext-enhanced-source.xsl
INFO    : successful application of /home/miranda/.ptx/2.17.1/core/xsl/utilities/pretext-enhanced-source.xsl
INFO    : XSL conversion of /home/miranda/latex-labs/source/main.ptx by /home/miranda/.ptx/2.17.1/core/xsl/utilities/pretext-enhanced-source.xsl
INFO    : successful application of /home/miranda/.ptx/2.17.1/core/xsl/utilities/pretext-enhanced-source.xsl
INFO    : XSL conversion of /home/miranda/latex-labs/source/main.ptx by /home/miranda/.ptx/2.17.1/core/xsl/utilities/pretext-enhanced-source.xsl
INFO    : successful application of /home/miranda/.ptx/2.17.1/core/xsl/utilities/pretext-enhanced-source.xsl
INFO    : XSL conversion of /home/miranda/latex-labs/source/main.ptx by /home/miranda/.ptx/2.17.1/core/xsl/utilities/pretext-enhanced-source.xsl
INFO    : successful application of /home/miranda/.ptx/2.17.1/core/xsl/utilities/pretext-enhanced-source.xsl
INFO    : XSL conversion of /home/miranda/latex-labs/source/main.ptx by /home/miranda/.ptx/2.17.1/core/xsl/utilities/pretext-enhanced-source.xsl
INFO    : successful application of /home/miranda/.ptx/2.17.1/core/xsl/utilities/pretext-enhanced-source.xsl
INFO    : XSL conversion of /home/miranda/latex-labs/source/main.ptx by /home/miranda/.ptx/2.17.1/core/xsl/utilities/pretext-enhanced-source.xsl
INFO    : successful application of /home/miranda/.ptx/2.17.1/core/xsl/utilities/pretext-enhanced-source.xsl
INFO    : XSL conversion of /home/miranda/latex-labs/source/main.ptx by /home/miranda/.ptx/2.17.1/core/xsl/utilities/pretext-enhanced-source.xsl
INFO    : successful application of /home/miranda/.ptx/2.17.1/core/xsl/utilities/pretext-enhanced-source.xsl
INFO    : XSL conversion of /home/miranda/latex-labs/source/main.ptx by /home/miranda/.ptx/2.17.1/core/xsl/utilities/pretext-enhanced-source.xsl
INFO    : successful application of /home/miranda/.ptx/2.17.1/core/xsl/utilities/pretext-enhanced-source.xsl
INFO    : Finished generating assets.

INFO    : Preparing to build into /home/miranda/latex-labs/output/web.
INFO    : discovering source file's directory name: /home/miranda/latex-labs/source
INFO    : verifying and expanding input directory: /home/miranda/latex-labs/source/../generated-assets
INFO    : input directory expanded to absolute path: /home/miranda/latex-labs/generated-assets
INFO    : verifying and expanding input directory: /home/miranda/latex-labs/source/../assets
INFO    : input directory expanded to absolute path: /home/miranda/latex-labs/assets
INFO    : XSL conversion of /home/miranda/latex-labs/source/main.ptx by /home/miranda/.ptx/2.17.1/core/xsl/utilities/report-publisher-variables.xsl
INFO    : successful application of /home/miranda/.ptx/2.17.1/core/xsl/utilities/report-publisher-variables.xsl
INFO    : Downloading rs services file from https://runestone.academy/cdn/runestone/latest/webpack_static_imports.xml.
INFO    : Runestone Services via online CDN query: version 7.11.5
INFO    : Downloading Runestone Services, version 7.11.5
INFO    : Extracting Runestone Services from archive file
INFO    : Building custom css theme: theme-default-modern
INFO    : converting /home/miranda/latex-labs/source/main.ptx to HTML in /tmp/ptx-4mn4n7t_
INFO    : XSL conversion of /home/miranda/latex-labs/source/main.ptx by /home/miranda/.ptx/2.17.1/core/xsl/pretext-html.xsl
INFO    : messages from the log for XSL processing:
INFO    : * PTX:INFO:   checking ONLY the last TWO YEARS of element deprecations.
Rerun with the string parameter "author.deprecations.all" set to "yes" to check your source against all deprecations.
WARNING : * PTX:WARNING: Unstructured content within a list item is being ignored ("After the")
INFO    : *              located within: "Adding content" (title)
WARNING : * PTX:WARNING: Unstructured content within a list item is being ignored ("command, write a few lines about yourself. Try putting sentences on different lines in the code and compile. You'll notice that LaTeX places all of the sentences in the same paragraph:")
INFO    : *              located within: "Adding content" (title)
WARNING : * PTX:WARNING: Unstructured content within a list item is being ignored ("gets printed exactly the same as")
INFO    : *              located within: "Adding content" (title)
WARNING : * PTX:WARNING: Unstructured content within a list item is being ignored ("LaTeX ignores the first line break in your code - this is something that allows you to keep your code nice and tidy, which you will come to appreciate - so in order to get line breaks in your document, you have to tell LaTeX that is what you want. You can do this multiple ways:")
INFO    : *              located within: "Adding content" (title)
WARNING : * PTX:WARNING: Unstructured content within a list item is being ignored ("That is, you can use a second line break in the code (leaving an empty line between paragraphs), you can use a double backslash")
INFO    : *              located within: "Adding content" (title)
WARNING : * PTX:WARNING: Unstructured content within a list item is being ignored (", or you can use the command")
INFO    : *              located within: "Adding content" (title)
WARNING : * PTX:WARNING: Unstructured content within a list item is being ignored (".")
INFO    : *              located within: "Adding content" (title)
INFO    : successful application of /home/miranda/.ptx/2.17.1/core/xsl/pretext-html.xsl
INFO    : Removing temporary directory /tmp/ptx-4mn4n7t_
INFO    : Removing temporary directory /tmp/ptx-xc3arg2d
INFO    : 
Success! Run `pretext view web` to see the results.

INFO    : 
